15:14:22 **** Build of configuration Debug for project Blink_LED ****
make pre-build main-build 
a9-linaro-pre-build-step
' '
'Building file: ../src/Blink_LED.c'
'Invoking: ARM v7 gcc compiler'
arm-none-eabi-gcc -Wall -O0 -g3 -c -fmessage-length=0 -MT"src/Blink_LED.o" -mcpu=cortex-a9 -mfpu=vfpv3 -mfloat-abi=hard -I../../standalone_bsp_0/ps7_cortexa9_0/include -MMD -MP -MF"src/Blink_LED.d" -MT"src/Blink_LED.o" -o "src/Blink_LED.o" "../src/Blink_LED.c"
'Finished building: ../src/Blink_LED.c'
' '
'Building file: ../src/platform.c'
'Invoking: ARM v7 gcc compiler'
arm-none-eabi-gcc -Wall -O0 -g3 -c -fmessage-length=0 -MT"src/platform.o" -mcpu=cortex-a9 -mfpu=vfpv3 -mfloat-abi=hard -I../../standalone_bsp_0/ps7_cortexa9_0/include -MMD -MP -MF"src/platform.d" -MT"src/platform.o" -o "src/platform.o" "../src/platform.c"
'Finished building: ../src/platform.c'
' '
'Building target: Blink_LED.elf'
'Invoking: ARM v7 gcc linker'
arm-none-eabi-gcc -mcpu=cortex-a9 -mfpu=vfpv3 -mfloat-abi=hard -Wl,-build-id=none -specs=Xilinx.spec -Wl,-T -Wl,../src/lscript.ld -L../../standalone_bsp_0/ps7_cortexa9_0/lib -o "Blink_LED.elf"  ./src/Blink_LED.o ./src/platform.o   -Wl,--start-group,-lxil,-lgcc,-lc,--end-group
'Finished building target: Blink_LED.elf'
' '
'Invoking: ARM v7 Print Size'
arm-none-eabi-size Blink_LED.elf  |tee "Blink_LED.elf.size"
   text	   data	    bss	    dec	    hex	filename
 103252	   2600	  23360	 129212	  1f8bc	Blink_LED.elf
'Finished building: Blink_LED.elf.size'
' '

15:14:23 Build Finished (took 979ms)

