13:57:28 **** Auto Build of configuration Debug for project Blink_Desired_LED_bsp_xgpio_example_1 ****
make pre-build main-build 
a9-linaro-pre-build-step
' '
'Building file: ../src/xgpio_example.c'
'Invoking: ARM v7 gcc compiler'
arm-none-eabi-gcc -Wall -O0 -g3 -c -fmessage-length=0 -MT"src/xgpio_example.o" -mcpu=cortex-a9 -mfpu=vfpv3 -mfloat-abi=hard -I../../Blink_Desired_LED_bsp/ps7_cortexa9_0/include -MMD -MP -MF"src/xgpio_example.d" -MT"src/xgpio_example.o" -o "src/xgpio_example.o" "../src/xgpio_example.c"
'Finished building: ../src/xgpio_example.c'
' '
'Building target: Blink_Desired_LED_bsp_xgpio_example_1.elf'
'Invoking: ARM v7 gcc linker'
arm-none-eabi-gcc -mcpu=cortex-a9 -mfpu=vfpv3 -mfloat-abi=hard -Wl,-build-id=none -specs=Xilinx.spec -Wl,-T -Wl,../src/lscript.ld -L../../Blink_Desired_LED_bsp/ps7_cortexa9_0/lib -o "Blink_Desired_LED_bsp_xgpio_example_1.elf"  ./src/xgpio_example.o   -Wl,--start-group,-lxil,-lgcc,-lc,--end-group
'Finished building target: Blink_Desired_LED_bsp_xgpio_example_1.elf'
' '
'Invoking: ARM v7 Print Size'
arm-none-eabi-size Blink_Desired_LED_bsp_xgpio_example_1.elf  |tee "Blink_Desired_LED_bsp_xgpio_example_1.elf.size"
   text	   data	    bss	    dec	    hex	filename
  23712	   1168	  22600	  47480	   b978	Blink_Desired_LED_bsp_xgpio_example_1.elf
'Finished building: Blink_Desired_LED_bsp_xgpio_example_1.elf.size'
' '

13:57:29 Build Finished (took 999ms)

