13:46:35 **** Auto Build of configuration Debug for project Project2 ****
make pre-build main-build 
a9-linaro-pre-build-step
' '
'Building file: ../src/LED_test_tut_1C.c'
'Invoking: ARM v7 gcc compiler'
arm-none-eabi-gcc -Wall -O0 -g3 -c -fmessage-length=0 -MT"src/LED_test_tut_1C.o" -mcpu=cortex-a9 -mfpu=vfpv3 -mfloat-abi=hard -I../../Project2_bsp/ps7_cortexa9_0/include -MMD -MP -MF"src/LED_test_tut_1C.d" -MT"src/LED_test_tut_1C.o" -o "src/LED_test_tut_1C.o" "../src/LED_test_tut_1C.c"
'Finished building: ../src/LED_test_tut_1C.c'
' '
'Building target: Project2.elf'
'Invoking: ARM v7 gcc linker'
arm-none-eabi-gcc -mcpu=cortex-a9 -mfpu=vfpv3 -mfloat-abi=hard -Wl,-build-id=none -specs=Xilinx.spec -Wl,-T -Wl,../src/lscript.ld -L../../Project2_bsp/ps7_cortexa9_0/lib -o "Project2.elf"  ./src/LED_test_tut_1C.o   -Wl,--start-group,-lxil,-lgcc,-lc,--end-group
'Finished building target: Project2.elf'
' '
'Invoking: ARM v7 Print Size'
arm-none-eabi-size Project2.elf  |tee "Project2.elf.size"
   text	   data	    bss	    dec	    hex	filename
 103124	   2600	  23360	 129084	  1f83c	Project2.elf
'Finished building: Project2.elf.size'
' '

13:46:36 Build Finished (took 782ms)

