15:23:56 **** Auto Build of configuration Debug for project Write_LED_not ****
make pre-build main-build 
a9-linaro-pre-build-step
' '
'Building file: ../src/Write_LED_nand.c'
'Invoking: ARM v7 gcc compiler'
arm-none-eabi-gcc -Wall -O0 -g3 -c -fmessage-length=0 -MT"src/Write_LED_nand.o" -mcpu=cortex-a9 -mfpu=vfpv3 -mfloat-abi=hard -I../../standalone_bsp_0/ps7_cortexa9_0/include -MMD -MP -MF"src/Write_LED_nand.d" -MT"src/Write_LED_nand.o" -o "src/Write_LED_nand.o" "../src/Write_LED_nand.c"
'Finished building: ../src/Write_LED_nand.c'
' '
'Building target: Write_LED_not.elf'
'Invoking: ARM v7 gcc linker'
arm-none-eabi-gcc -mcpu=cortex-a9 -mfpu=vfpv3 -mfloat-abi=hard -Wl,-build-id=none -specs=Xilinx.spec -Wl,-T -Wl,../src/lscript.ld -L../../standalone_bsp_0/ps7_cortexa9_0/lib -o "Write_LED_not.elf"  ./src/Write_LED_nand.o ./src/platform.o   -Wl,--start-group,-lxil,-lgcc,-lc,--end-group
'Finished building target: Write_LED_not.elf'
' '
'Invoking: ARM v7 Print Size'
arm-none-eabi-size Write_LED_not.elf  |tee "Write_LED_not.elf.size"
   text	   data	    bss	    dec	    hex	filename
  23944	   1168	  22600	  47712	   ba60	Write_LED_not.elf
'Finished building: Write_LED_not.elf.size'
' '

15:23:57 Build Finished (took 843ms)

